_1 0 6
_8 2 3
_9 0 7 4
2 _1 _3 0
_27 0 _1 1024
1 _1 _1 1
256
5
9
2
256
