Error de valor: length error
Error durant l'execuci√≥: index 3 is out of bounds for axis 0 with size 3
0
0
Error de valor: Integers to negative integer powers are not allowed.

