3 4 5
1 1 1
16 25 36
_2 _4 _6
720
1 2 3 4 5 6 7 8 9 10
2 4 6 8 10
